#-----------------------------------------------------------
# Vivado v2023.1 (64-bit)
# SW Build 3865809 on Sun May  7 15:04:56 MDT 2023
# IP Build 3864474 on Sun May  7 20:36:21 MDT 2023
# SharedData Build 3865790 on Sun May 07 13:33:03 MDT 2023
# Start of session at: Mon Aug 21 09:15:26 2023
# Process ID: 10751
# Current directory: /home/max/Programs/Xilinx/Vivado/Projects/ZyboZ7-Codec-HW/ZyboZ7-Codec-HW.runs/impl_1
# Command line: vivado -log design_1_wrapper.vdi -applog -product Vivado -messageDb vivado.pb -mode batch -source design_1_wrapper.tcl -notrace
# Log file: /home/max/Programs/Xilinx/Vivado/Projects/ZyboZ7-Codec-HW/ZyboZ7-Codec-HW.runs/impl_1/design_1_wrapper.vdi
# Journal file: /home/max/Programs/Xilinx/Vivado/Projects/ZyboZ7-Codec-HW/ZyboZ7-Codec-HW.runs/impl_1/vivado.jou
# Running On: max-ThinkPad-P15v-Gen-2i, OS: Linux, CPU Frequency: 2700.000 MHz, CPU Physical cores: 6, Host memory: 33384 MB
#-----------------------------------------------------------
source design_1_wrapper.tcl -notrace
